{"encoding_rows": 500, "total_rows": 660}
{"encoding_rows": 660, "total_rows": 660}
{"encoding_rows": 35, "total_rows": 35}
/home/victor/Documentos/IA Local do Zero/python/model.py:54: UserWarning: enable_nested_tensor is True, but self.use_nested_tensor is False because encoder_layer.norm_first was True
  self.blocks = nn.TransformerEncoder(block, num_layers=layers)
{"records": {"train": 436, "training_views": 660, "validation": 35, "heldout": 20}, "training_windows": 660, "parameters": 5639680}
{"step": 0, "validation_loss": 9.502709516342538}
{"step": 100, "train_loss": 6.749651908874512, "validation_loss": 8.128058330085857, "best_step": 100, "elapsed_seconds": 148.56}
Traceback (most recent call last):
  File "/home/victor/Documentos/IA Local do Zero/python/finetune_assistant.py", line 346, in <module>
    main()
    ~~~~^^
  File "/home/victor/Documentos/IA Local do Zero/python/finetune_assistant.py", line 302, in main
    loss.backward()
    ~~~~~~~~~~~~~^^
  File "/home/victor/Documentos/IA Local do Zero/.venv/lib/python3.14/site-packages/torch/_tensor.py", line 623, in backward
    torch.autograd.backward(
    ~~~~~~~~~~~~~~~~~~~~~~~^
        self, gradient, retain_graph, create_graph, inputs=inputs
        ^^^^^^^^^^^^^^^^^^^^^^^^^^^^^^^^^^^^^^^^^^^^^^^^^^^^^^^^^
    )
    ^
  File "/home/victor/Documentos/IA Local do Zero/.venv/lib/python3.14/site-packages/torch/autograd/__init__.py", line 395, in backward
    _engine_run_backward(
    ~~~~~~~~~~~~~~~~~~~~^
        tensors,
        ^^^^^^^^
    ...<5 lines>...
        accumulate_grad=True,
        ^^^^^^^^^^^^^^^^^^^^^
    )
    ^
  File "/home/victor/Documentos/IA Local do Zero/.venv/lib/python3.14/site-packages/torch/autograd/graph.py", line 1072, in _engine_run_backward
    return Variable._execution_engine.run_backward(  # Calls into the C++ engine to run the backward pass
           ~~~~~~~~~~~~~~~~~~~~~~~~~~~~~~~~~~~~~~~^^^^^^^^^^^^^^^^^^^^^^^^^^^^^^^^^^^^^^^^^^^^^^^^^^^^^^^
        t_outputs, *args, **kwargs
        ^^^^^^^^^^^^^^^^^^^^^^^^^^
    )  # Calls into the C++ engine to run the backward pass
    ^
KeyboardInterrupt
