{"encoding_rows": 500, "total_rows": 660}
{"encoding_rows": 660, "total_rows": 660}
{"encoding_rows": 35, "total_rows": 35}
/home/victor/Documentos/IA Local do Zero/python/model.py:54: UserWarning: enable_nested_tensor is True, but self.use_nested_tensor is False because encoder_layer.norm_first was True
  self.blocks = nn.TransformerEncoder(block, num_layers=layers)
{"records": {"train": 436, "training_views": 660, "validation": 35, "heldout": 20}, "training_windows": 660, "parameters": 1510912}
{"step": 0, "validation_loss": 9.502709516342538}
{"step": 100, "train_loss": 7.046941757202148, "validation_loss": 8.139336737770932, "best_step": 100, "elapsed_seconds": 136.97}
Traceback (most recent call last):
  File "/home/victor/Documentos/IA Local do Zero/python/finetune_assistant.py", line 346, in <module>
    main()
    ~~~~^^
  File "/home/victor/Documentos/IA Local do Zero/python/finetune_assistant.py", line 298, in main
    loss = F.cross_entropy(logits.reshape(-1, config['vocab_size']), y.reshape(-1), ignore_index=-100)
  File "/home/victor/Documentos/IA Local do Zero/.venv/lib/python3.14/site-packages/torch/nn/functional.py", line 3561, in cross_entropy
    return torch._C._nn.cross_entropy_loss(
           ~~~~~~~~~~~~~~~~~~~~~~~~~~~~~~~^
        input,
        ^^^^^^
    ...<5 lines>...
        label_smoothing,
        ^^^^^^^^^^^^^^^^
    )
    ^
KeyboardInterrupt
