{
  "version": "workflow-gate/v1",
  "passed": 12,
  "total": 12,
  "pass_rate": 1.0,
  "latency_ms": {
    "avg": 47.79,
    "p95": 72.78
  },
  "cases": [
    {
      "id": "variable-python",
      "prompt": "O que é uma variável em Python?",
      "backend": "curated-memory",
      "workflow": {
        "version": "workflow/v2",
        "phase": "answer",
        "strategy": "curated-memory",
        "stages": [
          "understand",
          "retrieve",
          "answer"
        ],
        "next": "answer"
      },
      "actual_tool": null,
      "expected_tool": null,
      "term_hits": 2,
      "term_total": 2,
      "tool_ok": true,
      "ok": true,
      "elapsed_ms": 72.78
    },
    {
      "id": "ownership-rust",
      "prompt": "O que é ownership em Rust?",
      "backend": "curated-memory",
      "workflow": {
        "version": "workflow/v2",
        "phase": "answer",
        "strategy": "curated-memory",
        "stages": [
          "understand",
          "retrieve",
          "answer"
        ],
        "next": "answer"
      },
      "actual_tool": null,
      "expected_tool": null,
      "term_hits": 2,
      "term_total": 2,
      "tool_ok": true,
      "ok": true,
      "elapsed_ms": 39.42
    },
    {
      "id": "china",
      "prompt": "Explique o que é a China.",
      "backend": "curated-memory",
      "workflow": {
        "version": "workflow/v2",
        "phase": "answer",
        "strategy": "curated-memory",
        "stages": [
          "understand",
          "retrieve",
          "answer"
        ],
        "next": "answer"
      },
      "actual_tool": null,
      "expected_tool": null,
      "term_hits": 1,
      "term_total": 1,
      "tool_ok": true,
      "ok": true,
      "elapsed_ms": 72.38
    },
    {
      "id": "uncertainty",
      "prompt": "Como devo agir quando não sei uma resposta?",
      "backend": "curated-memory",
      "workflow": {
        "version": "workflow/v2",
        "phase": "answer",
        "strategy": "curated-memory",
        "stages": [
          "understand",
          "retrieve",
          "answer"
        ],
        "next": "answer"
      },
      "actual_tool": null,
      "expected_tool": null,
      "term_hits": 2,
      "term_total": 2,
      "tool_ok": true,
      "ok": true,
      "elapsed_ms": 68.05
    },
    {
      "id": "function-design",
      "prompt": "Como projetar uma função Python fácil de testar?",
      "backend": "curated-memory",
      "workflow": {
        "version": "workflow/v2",
        "phase": "answer",
        "strategy": "curated-memory",
        "stages": [
          "understand",
          "retrieve",
          "answer"
        ],
        "next": "answer"
      },
      "actual_tool": null,
      "expected_tool": null,
      "term_hits": 2,
      "term_total": 2,
      "tool_ok": true,
      "ok": true,
      "elapsed_ms": 68.13
    },
    {
      "id": "api-errors",
      "prompt": "Como tratar erros em uma API?",
      "backend": "curated-memory",
      "workflow": {
        "version": "workflow/v2",
        "phase": "answer",
        "strategy": "curated-memory",
        "stages": [
          "understand",
          "retrieve",
          "answer"
        ],
        "next": "answer"
      },
      "actual_tool": null,
      "expected_tool": null,
      "term_hits": 2,
      "term_total": 2,
      "tool_ok": true,
      "ok": true,
      "elapsed_ms": 29.33
    },
    {
      "id": "creative-block",
      "prompt": "Como sair de um bloqueio criativo?",
      "backend": "curated-memory",
      "workflow": {
        "version": "workflow/v2",
        "phase": "answer",
        "strategy": "curated-memory",
        "stages": [
          "understand",
          "retrieve",
          "answer"
        ],
        "next": "answer"
      },
      "actual_tool": null,
      "expected_tool": null,
      "term_hits": 2,
      "term_total": 2,
      "tool_ok": true,
      "ok": true,
      "elapsed_ms": 56.48
    },
    {
      "id": "game-ideas",
      "prompt": "Crie três conceitos de jogo com uma mecânica incomum.",
      "backend": "curated-memory",
      "workflow": {
        "version": "workflow/v2",
        "phase": "answer",
        "strategy": "curated-memory",
        "stages": [
          "understand",
          "retrieve",
          "answer"
        ],
        "next": "answer"
      },
      "actual_tool": null,
      "expected_tool": null,
      "term_hits": 2,
      "term_total": 2,
      "tool_ok": true,
      "ok": true,
      "elapsed_ms": 36.3
    },
    {
      "id": "science-evidence",
      "prompt": "Como avaliar se uma afirmação científica é confiável?",
      "backend": "curated-memory",
      "workflow": {
        "version": "workflow/v2",
        "phase": "answer",
        "strategy": "curated-memory",
        "stages": [
          "understand",
          "retrieve",
          "answer"
        ],
        "next": "answer"
      },
      "actual_tool": null,
      "expected_tool": null,
      "term_hits": 2,
      "term_total": 2,
      "tool_ok": true,
      "ok": true,
      "elapsed_ms": 32.3
    },
    {
      "id": "causality",
      "prompt": "Explique correlação e causalidade.",
      "backend": "curated-memory",
      "workflow": {
        "version": "workflow/v2",
        "phase": "answer",
        "strategy": "curated-memory",
        "stages": [
          "understand",
          "retrieve",
          "answer"
        ],
        "next": "answer"
      },
      "actual_tool": null,
      "expected_tool": null,
      "term_hits": 2,
      "term_total": 2,
      "tool_ok": true,
      "ok": true,
      "elapsed_ms": 32.92
    },
    {
      "id": "decision",
      "prompt": "Como tomar uma decisão com informação incompleta?",
      "backend": "curated-memory",
      "workflow": {
        "version": "workflow/v2",
        "phase": "answer",
        "strategy": "curated-memory",
        "stages": [
          "understand",
          "retrieve",
          "answer"
        ],
        "next": "answer"
      },
      "actual_tool": null,
      "expected_tool": null,
      "term_hits": 2,
      "term_total": 2,
      "tool_ok": true,
      "ok": true,
      "elapsed_ms": 32.37
    },
    {
      "id": "source-quality",
      "prompt": "Como saber se uma fonte é primária?",
      "backend": "curated-memory",
      "workflow": {
        "version": "workflow/v2",
        "phase": "answer",
        "strategy": "curated-memory",
        "stages": [
          "understand",
          "retrieve",
          "answer"
        ],
        "next": "answer"
      },
      "actual_tool": null,
      "expected_tool": null,
      "term_hits": 2,
      "term_total": 2,
      "tool_ok": true,
      "ok": true,
      "elapsed_ms": 33.06
    }
  ]
}
