{
  "version": "workflow-gate/v1",
  "passed": 9,
  "total": 12,
  "pass_rate": 0.75,
  "latency_ms": {
    "avg": 18.07,
    "p95": 32.26
  },
  "cases": [
    {
      "id": "variable-python",
      "prompt": "O que é uma variável em Python?",
      "backend": "curated-memory",
      "workflow": {
        "version": "workflow/v2",
        "phase": "answer",
        "strategy": "curated-memory",
        "stages": [
          "understand",
          "retrieve",
          "answer"
        ],
        "next": "answer"
      },
      "actual_tool": null,
      "expected_tool": null,
      "term_hits": 2,
      "term_total": 2,
      "tool_ok": true,
      "ok": true,
      "elapsed_ms": 32.26
    },
    {
      "id": "ownership-rust",
      "prompt": "O que é ownership em Rust?",
      "backend": "curated-memory",
      "workflow": {
        "version": "workflow/v2",
        "phase": "answer",
        "strategy": "curated-memory",
        "stages": [
          "understand",
          "retrieve",
          "answer"
        ],
        "next": "answer"
      },
      "actual_tool": null,
      "expected_tool": null,
      "term_hits": 2,
      "term_total": 2,
      "tool_ok": true,
      "ok": true,
      "elapsed_ms": 17.7
    },
    {
      "id": "china",
      "prompt": "Explique o que é a China.",
      "backend": "proactive-learning",
      "workflow": {
        "version": "workflow/v2",
        "phase": "plan",
        "strategy": "proactive-learning",
        "stages": [
          "understand",
          "plan",
          "act",
          "verify"
        ],
        "next": "act"
      },
      "actual_tool": "research_web",
      "expected_tool": null,
      "term_hits": 0,
      "term_total": 1,
      "tool_ok": false,
      "ok": false,
      "elapsed_ms": 11.72
    },
    {
      "id": "uncertainty",
      "prompt": "Como devo agir quando não sei uma resposta?",
      "backend": "curated-memory",
      "workflow": {
        "version": "workflow/v2",
        "phase": "answer",
        "strategy": "curated-memory",
        "stages": [
          "understand",
          "retrieve",
          "answer"
        ],
        "next": "answer"
      },
      "actual_tool": null,
      "expected_tool": null,
      "term_hits": 2,
      "term_total": 2,
      "tool_ok": true,
      "ok": true,
      "elapsed_ms": 18.43
    },
    {
      "id": "function-design",
      "prompt": "Como projetar uma função Python fácil de testar?",
      "backend": "curated-memory",
      "workflow": {
        "version": "workflow/v2",
        "phase": "answer",
        "strategy": "curated-memory",
        "stages": [
          "understand",
          "retrieve",
          "answer"
        ],
        "next": "answer"
      },
      "actual_tool": null,
      "expected_tool": null,
      "term_hits": 1,
      "term_total": 2,
      "tool_ok": true,
      "ok": false,
      "elapsed_ms": 26.46
    },
    {
      "id": "api-errors",
      "prompt": "Como tratar erros em uma API?",
      "backend": "curated-memory",
      "workflow": {
        "version": "workflow/v2",
        "phase": "answer",
        "strategy": "curated-memory",
        "stages": [
          "understand",
          "retrieve",
          "answer"
        ],
        "next": "answer"
      },
      "actual_tool": null,
      "expected_tool": null,
      "term_hits": 1,
      "term_total": 2,
      "tool_ok": true,
      "ok": false,
      "elapsed_ms": 13.85
    },
    {
      "id": "creative-block",
      "prompt": "Como sair de um bloqueio criativo?",
      "backend": "curated-memory",
      "workflow": {
        "version": "workflow/v2",
        "phase": "answer",
        "strategy": "curated-memory",
        "stages": [
          "understand",
          "retrieve",
          "answer"
        ],
        "next": "answer"
      },
      "actual_tool": null,
      "expected_tool": null,
      "term_hits": 2,
      "term_total": 2,
      "tool_ok": true,
      "ok": true,
      "elapsed_ms": 14.71
    },
    {
      "id": "game-ideas",
      "prompt": "Crie três conceitos de jogo com uma mecânica incomum.",
      "backend": "curated-memory",
      "workflow": {
        "version": "workflow/v2",
        "phase": "answer",
        "strategy": "curated-memory",
        "stages": [
          "understand",
          "retrieve",
          "answer"
        ],
        "next": "answer"
      },
      "actual_tool": null,
      "expected_tool": null,
      "term_hits": 2,
      "term_total": 2,
      "tool_ok": true,
      "ok": true,
      "elapsed_ms": 19.99
    },
    {
      "id": "science-evidence",
      "prompt": "Como avaliar se uma afirmação científica é confiável?",
      "backend": "curated-memory",
      "workflow": {
        "version": "workflow/v2",
        "phase": "answer",
        "strategy": "curated-memory",
        "stages": [
          "understand",
          "retrieve",
          "answer"
        ],
        "next": "answer"
      },
      "actual_tool": null,
      "expected_tool": null,
      "term_hits": 2,
      "term_total": 2,
      "tool_ok": true,
      "ok": true,
      "elapsed_ms": 14.91
    },
    {
      "id": "causality",
      "prompt": "Explique correlação e causalidade.",
      "backend": "curated-memory",
      "workflow": {
        "version": "workflow/v2",
        "phase": "answer",
        "strategy": "curated-memory",
        "stages": [
          "understand",
          "retrieve",
          "answer"
        ],
        "next": "answer"
      },
      "actual_tool": null,
      "expected_tool": null,
      "term_hits": 2,
      "term_total": 2,
      "tool_ok": true,
      "ok": true,
      "elapsed_ms": 14.93
    },
    {
      "id": "decision",
      "prompt": "Como tomar uma decisão com informação incompleta?",
      "backend": "curated-memory",
      "workflow": {
        "version": "workflow/v2",
        "phase": "answer",
        "strategy": "curated-memory",
        "stages": [
          "understand",
          "retrieve",
          "answer"
        ],
        "next": "answer"
      },
      "actual_tool": null,
      "expected_tool": null,
      "term_hits": 2,
      "term_total": 2,
      "tool_ok": true,
      "ok": true,
      "elapsed_ms": 15.65
    },
    {
      "id": "source-quality",
      "prompt": "Como saber se uma fonte é primária?",
      "backend": "curated-memory",
      "workflow": {
        "version": "workflow/v2",
        "phase": "answer",
        "strategy": "curated-memory",
        "stages": [
          "understand",
          "retrieve",
          "answer"
        ],
        "next": "answer"
      },
      "actual_tool": null,
      "expected_tool": null,
      "term_hits": 2,
      "term_total": 2,
      "tool_ok": true,
      "ok": true,
      "elapsed_ms": 16.25
    }
  ]
}
